Archive member included because of file (symbol)

c:/program files/gnu tools arm embedded/4.9 2015q1/bin/../lib/gcc/arm-none-eabi/4.9.3/../../../../arm-none-eabi/lib/armv7e-m\libc.a(lib_a-exit.o)
                              c:/program files/gnu tools arm embedded/4.9 2015q1/bin/../lib/gcc/arm-none-eabi/4.9.3/../../../../arm-none-eabi/lib/armv7e-m/crt0.o (exit)
c:/program files/gnu tools arm embedded/4.9 2015q1/bin/../lib/gcc/arm-none-eabi/4.9.3/../../../../arm-none-eabi/lib/armv7e-m\libc.a(lib_a-impure.o)
                              c:/program files/gnu tools arm embedded/4.9 2015q1/bin/../lib/gcc/arm-none-eabi/4.9.3/../../../../arm-none-eabi/lib/armv7e-m\libc.a(lib_a-exit.o) (_global_impure_ptr)
c:/program files/gnu tools arm embedded/4.9 2015q1/bin/../lib/gcc/arm-none-eabi/4.9.3/../../../../arm-none-eabi/lib/armv7e-m\libc.a(lib_a-init.o)
                              c:/program files/gnu tools arm embedded/4.9 2015q1/bin/../lib/gcc/arm-none-eabi/4.9.3/../../../../arm-none-eabi/lib/armv7e-m/crt0.o (__libc_init_array)
c:/program files/gnu tools arm embedded/4.9 2015q1/bin/../lib/gcc/arm-none-eabi/4.9.3/../../../../arm-none-eabi/lib/armv7e-m\libc.a(lib_a-memset.o)
                              c:/program files/gnu tools arm embedded/4.9 2015q1/bin/../lib/gcc/arm-none-eabi/4.9.3/../../../../arm-none-eabi/lib/armv7e-m/crt0.o (memset)
c:/program files/gnu tools arm embedded/4.9 2015q1/bin/../lib/gcc/arm-none-eabi/4.9.3/../../../../arm-none-eabi/lib/armv7e-m\libc.a(lib_a-__call_atexit.o)
                              c:/program files/gnu tools arm embedded/4.9 2015q1/bin/../lib/gcc/arm-none-eabi/4.9.3/../../../../arm-none-eabi/lib/armv7e-m\libc.a(lib_a-exit.o) (__call_exitprocs)
c:/program files/gnu tools arm embedded/4.9 2015q1/bin/../lib/gcc/arm-none-eabi/4.9.3/../../../../arm-none-eabi/lib/armv7e-m\libc.a(lib_a-atexit.o)
                              c:/program files/gnu tools arm embedded/4.9 2015q1/bin/../lib/gcc/arm-none-eabi/4.9.3/../../../../arm-none-eabi/lib/armv7e-m\libc.a(lib_a-__call_atexit.o) (atexit)
c:/program files/gnu tools arm embedded/4.9 2015q1/bin/../lib/gcc/arm-none-eabi/4.9.3/../../../../arm-none-eabi/lib/armv7e-m\libc.a(lib_a-fini.o)
                              c:/program files/gnu tools arm embedded/4.9 2015q1/bin/../lib/gcc/arm-none-eabi/4.9.3/../../../../arm-none-eabi/lib/armv7e-m\libc.a(lib_a-__call_atexit.o) (__libc_fini_array)
c:/program files/gnu tools arm embedded/4.9 2015q1/bin/../lib/gcc/arm-none-eabi/4.9.3/../../../../arm-none-eabi/lib/armv7e-m\libc.a(lib_a-__atexit.o)
                              c:/program files/gnu tools arm embedded/4.9 2015q1/bin/../lib/gcc/arm-none-eabi/4.9.3/../../../../arm-none-eabi/lib/armv7e-m\libc.a(lib_a-atexit.o) (__register_exitproc)

Allocating common symbols
Common symbol       size              file

Context             0x40              ..\obj\Task.o
blockQueue          0x4               ..\obj\Task.o
runningQueue        0x4               ..\obj\Task.o
taskTwoTcb          0xc               ..\obj\Task.o
readyQueue          0x4               ..\obj\Task.o
taskOneTcb          0xc               ..\obj\Task.o
taskTwoStack        0x404             ..\obj\Task.o
mainTcb             0xc               ..\obj\Task.o
taskOneStack        0x404             ..\obj\Task.o

Discarded input sections

 .text          0x00000000        0x0 c:/program files/gnu tools arm embedded/4.9 2015q1/bin/../lib/gcc/arm-none-eabi/4.9.3/armv7e-m/crti.o
 .data          0x00000000        0x0 c:/program files/gnu tools arm embedded/4.9 2015q1/bin/../lib/gcc/arm-none-eabi/4.9.3/armv7e-m/crti.o
 .bss           0x00000000        0x0 c:/program files/gnu tools arm embedded/4.9 2015q1/bin/../lib/gcc/arm-none-eabi/4.9.3/armv7e-m/crti.o
 .data          0x00000000        0x4 c:/program files/gnu tools arm embedded/4.9 2015q1/bin/../lib/gcc/arm-none-eabi/4.9.3/armv7e-m/crtbegin.o
 .text          0x00000000       0x74 c:/program files/gnu tools arm embedded/4.9 2015q1/bin/../lib/gcc/arm-none-eabi/4.9.3/../../../../arm-none-eabi/lib/armv7e-m/crt0.o
 .data          0x00000000        0x0 c:/program files/gnu tools arm embedded/4.9 2015q1/bin/../lib/gcc/arm-none-eabi/4.9.3/../../../../arm-none-eabi/lib/armv7e-m/crt0.o
 .bss           0x00000000        0x0 c:/program files/gnu tools arm embedded/4.9 2015q1/bin/../lib/gcc/arm-none-eabi/4.9.3/../../../../arm-none-eabi/lib/armv7e-m/crt0.o
 .ARM.extab     0x00000000        0x0 c:/program files/gnu tools arm embedded/4.9 2015q1/bin/../lib/gcc/arm-none-eabi/4.9.3/../../../../arm-none-eabi/lib/armv7e-m/crt0.o
 .ARM.exidx     0x00000000        0x8 c:/program files/gnu tools arm embedded/4.9 2015q1/bin/../lib/gcc/arm-none-eabi/4.9.3/../../../../arm-none-eabi/lib/armv7e-m/crt0.o
 .ARM.attributes
                0x00000000       0x1c c:/program files/gnu tools arm embedded/4.9 2015q1/bin/../lib/gcc/arm-none-eabi/4.9.3/../../../../arm-none-eabi/lib/armv7e-m/crt0.o
 .text          0x00000000        0x0 c:/program files/gnu tools arm embedded/4.9 2015q1/bin/../lib/gcc/arm-none-eabi/4.9.3/../../../../arm-none-eabi/lib/armv7e-m\libc.a(lib_a-exit.o)
 .data          0x00000000        0x0 c:/program files/gnu tools arm embedded/4.9 2015q1/bin/../lib/gcc/arm-none-eabi/4.9.3/../../../../arm-none-eabi/lib/armv7e-m\libc.a(lib_a-exit.o)
 .bss           0x00000000        0x0 c:/program files/gnu tools arm embedded/4.9 2015q1/bin/../lib/gcc/arm-none-eabi/4.9.3/../../../../arm-none-eabi/lib/armv7e-m\libc.a(lib_a-exit.o)
 .text.exit     0x00000000       0x20 c:/program files/gnu tools arm embedded/4.9 2015q1/bin/../lib/gcc/arm-none-eabi/4.9.3/../../../../arm-none-eabi/lib/armv7e-m\libc.a(lib_a-exit.o)
 .debug_frame   0x00000000       0x28 c:/program files/gnu tools arm embedded/4.9 2015q1/bin/../lib/gcc/arm-none-eabi/4.9.3/../../../../arm-none-eabi/lib/armv7e-m\libc.a(lib_a-exit.o)
 .ARM.attributes
                0x00000000       0x2e c:/program files/gnu tools arm embedded/4.9 2015q1/bin/../lib/gcc/arm-none-eabi/4.9.3/../../../../arm-none-eabi/lib/armv7e-m\libc.a(lib_a-exit.o)
 .text          0x00000000        0x0 c:/program files/gnu tools arm embedded/4.9 2015q1/bin/../lib/gcc/arm-none-eabi/4.9.3/../../../../arm-none-eabi/lib/armv7e-m\libc.a(lib_a-impure.o)
 .data          0x00000000        0x0 c:/program files/gnu tools arm embedded/4.9 2015q1/bin/../lib/gcc/arm-none-eabi/4.9.3/../../../../arm-none-eabi/lib/armv7e-m\libc.a(lib_a-impure.o)
 .bss           0x00000000        0x0 c:/program files/gnu tools arm embedded/4.9 2015q1/bin/../lib/gcc/arm-none-eabi/4.9.3/../../../../arm-none-eabi/lib/armv7e-m\libc.a(lib_a-impure.o)
 .data._impure_ptr
                0x00000000        0x4 c:/program files/gnu tools arm embedded/4.9 2015q1/bin/../lib/gcc/arm-none-eabi/4.9.3/../../../../arm-none-eabi/lib/armv7e-m\libc.a(lib_a-impure.o)
 .ARM.attributes
                0x00000000       0x2e c:/program files/gnu tools arm embedded/4.9 2015q1/bin/../lib/gcc/arm-none-eabi/4.9.3/../../../../arm-none-eabi/lib/armv7e-m\libc.a(lib_a-impure.o)
 .text          0x00000000        0x0 c:/program files/gnu tools arm embedded/4.9 2015q1/bin/../lib/gcc/arm-none-eabi/4.9.3/../../../../arm-none-eabi/lib/armv7e-m\libc.a(lib_a-init.o)
 .data          0x00000000        0x0 c:/program files/gnu tools arm embedded/4.9 2015q1/bin/../lib/gcc/arm-none-eabi/4.9.3/../../../../arm-none-eabi/lib/armv7e-m\libc.a(lib_a-init.o)
 .bss           0x00000000        0x0 c:/program files/gnu tools arm embedded/4.9 2015q1/bin/../lib/gcc/arm-none-eabi/4.9.3/../../../../arm-none-eabi/lib/armv7e-m\libc.a(lib_a-init.o)
 .debug_frame   0x00000000       0x2c c:/program files/gnu tools arm embedded/4.9 2015q1/bin/../lib/gcc/arm-none-eabi/4.9.3/../../../../arm-none-eabi/lib/armv7e-m\libc.a(lib_a-init.o)
 .ARM.attributes
                0x00000000       0x2e c:/program files/gnu tools arm embedded/4.9 2015q1/bin/../lib/gcc/arm-none-eabi/4.9.3/../../../../arm-none-eabi/lib/armv7e-m\libc.a(lib_a-init.o)
 .text          0x00000000        0x0 c:/program files/gnu tools arm embedded/4.9 2015q1/bin/../lib/gcc/arm-none-eabi/4.9.3/../../../../arm-none-eabi/lib/armv7e-m\libc.a(lib_a-memset.o)
 .data          0x00000000        0x0 c:/program files/gnu tools arm embedded/4.9 2015q1/bin/../lib/gcc/arm-none-eabi/4.9.3/../../../../arm-none-eabi/lib/armv7e-m\libc.a(lib_a-memset.o)
 .bss           0x00000000        0x0 c:/program files/gnu tools arm embedded/4.9 2015q1/bin/../lib/gcc/arm-none-eabi/4.9.3/../../../../arm-none-eabi/lib/armv7e-m\libc.a(lib_a-memset.o)
 .text.memset   0x00000000       0x9c c:/program files/gnu tools arm embedded/4.9 2015q1/bin/../lib/gcc/arm-none-eabi/4.9.3/../../../../arm-none-eabi/lib/armv7e-m\libc.a(lib_a-memset.o)
 .debug_frame   0x00000000       0x34 c:/program files/gnu tools arm embedded/4.9 2015q1/bin/../lib/gcc/arm-none-eabi/4.9.3/../../../../arm-none-eabi/lib/armv7e-m\libc.a(lib_a-memset.o)
 .ARM.attributes
                0x00000000       0x2e c:/program files/gnu tools arm embedded/4.9 2015q1/bin/../lib/gcc/arm-none-eabi/4.9.3/../../../../arm-none-eabi/lib/armv7e-m\libc.a(lib_a-memset.o)
 .text          0x00000000        0x0 c:/program files/gnu tools arm embedded/4.9 2015q1/bin/../lib/gcc/arm-none-eabi/4.9.3/../../../../arm-none-eabi/lib/armv7e-m\libc.a(lib_a-__call_atexit.o)
 .data          0x00000000        0x0 c:/program files/gnu tools arm embedded/4.9 2015q1/bin/../lib/gcc/arm-none-eabi/4.9.3/../../../../arm-none-eabi/lib/armv7e-m\libc.a(lib_a-__call_atexit.o)
 .bss           0x00000000        0x0 c:/program files/gnu tools arm embedded/4.9 2015q1/bin/../lib/gcc/arm-none-eabi/4.9.3/../../../../arm-none-eabi/lib/armv7e-m\libc.a(lib_a-__call_atexit.o)
 .text.__call_exitprocs
                0x00000000       0xd4 c:/program files/gnu tools arm embedded/4.9 2015q1/bin/../lib/gcc/arm-none-eabi/4.9.3/../../../../arm-none-eabi/lib/armv7e-m\libc.a(lib_a-__call_atexit.o)
 .debug_frame   0x00000000       0x50 c:/program files/gnu tools arm embedded/4.9 2015q1/bin/../lib/gcc/arm-none-eabi/4.9.3/../../../../arm-none-eabi/lib/armv7e-m\libc.a(lib_a-__call_atexit.o)
 .ARM.attributes
                0x00000000       0x2e c:/program files/gnu tools arm embedded/4.9 2015q1/bin/../lib/gcc/arm-none-eabi/4.9.3/../../../../arm-none-eabi/lib/armv7e-m\libc.a(lib_a-__call_atexit.o)
 .text          0x00000000        0x0 c:/program files/gnu tools arm embedded/4.9 2015q1/bin/../lib/gcc/arm-none-eabi/4.9.3/../../../../arm-none-eabi/lib/armv7e-m\libc.a(lib_a-atexit.o)
 .data          0x00000000        0x0 c:/program files/gnu tools arm embedded/4.9 2015q1/bin/../lib/gcc/arm-none-eabi/4.9.3/../../../../arm-none-eabi/lib/armv7e-m\libc.a(lib_a-atexit.o)
 .bss           0x00000000        0x0 c:/program files/gnu tools arm embedded/4.9 2015q1/bin/../lib/gcc/arm-none-eabi/4.9.3/../../../../arm-none-eabi/lib/armv7e-m\libc.a(lib_a-atexit.o)
 .debug_frame   0x00000000       0x20 c:/program files/gnu tools arm embedded/4.9 2015q1/bin/../lib/gcc/arm-none-eabi/4.9.3/../../../../arm-none-eabi/lib/armv7e-m\libc.a(lib_a-atexit.o)
 .ARM.attributes
                0x00000000       0x2e c:/program files/gnu tools arm embedded/4.9 2015q1/bin/../lib/gcc/arm-none-eabi/4.9.3/../../../../arm-none-eabi/lib/armv7e-m\libc.a(lib_a-atexit.o)
 .text          0x00000000        0x0 c:/program files/gnu tools arm embedded/4.9 2015q1/bin/../lib/gcc/arm-none-eabi/4.9.3/../../../../arm-none-eabi/lib/armv7e-m\libc.a(lib_a-fini.o)
 .data          0x00000000        0x0 c:/program files/gnu tools arm embedded/4.9 2015q1/bin/../lib/gcc/arm-none-eabi/4.9.3/../../../../arm-none-eabi/lib/armv7e-m\libc.a(lib_a-fini.o)
 .bss           0x00000000        0x0 c:/program files/gnu tools arm embedded/4.9 2015q1/bin/../lib/gcc/arm-none-eabi/4.9.3/../../../../arm-none-eabi/lib/armv7e-m\libc.a(lib_a-fini.o)
 .debug_frame   0x00000000       0x34 c:/program files/gnu tools arm embedded/4.9 2015q1/bin/../lib/gcc/arm-none-eabi/4.9.3/../../../../arm-none-eabi/lib/armv7e-m\libc.a(lib_a-fini.o)
 .ARM.attributes
                0x00000000       0x2e c:/program files/gnu tools arm embedded/4.9 2015q1/bin/../lib/gcc/arm-none-eabi/4.9.3/../../../../arm-none-eabi/lib/armv7e-m\libc.a(lib_a-fini.o)
 .text          0x00000000        0x0 c:/program files/gnu tools arm embedded/4.9 2015q1/bin/../lib/gcc/arm-none-eabi/4.9.3/../../../../arm-none-eabi/lib/armv7e-m\libc.a(lib_a-__atexit.o)
 .data          0x00000000        0x0 c:/program files/gnu tools arm embedded/4.9 2015q1/bin/../lib/gcc/arm-none-eabi/4.9.3/../../../../arm-none-eabi/lib/armv7e-m\libc.a(lib_a-__atexit.o)
 .bss           0x00000000        0x0 c:/program files/gnu tools arm embedded/4.9 2015q1/bin/../lib/gcc/arm-none-eabi/4.9.3/../../../../arm-none-eabi/lib/armv7e-m\libc.a(lib_a-__atexit.o)
 .debug_frame   0x00000000       0x34 c:/program files/gnu tools arm embedded/4.9 2015q1/bin/../lib/gcc/arm-none-eabi/4.9.3/../../../../arm-none-eabi/lib/armv7e-m\libc.a(lib_a-__atexit.o)
 .ARM.attributes
                0x00000000       0x2e c:/program files/gnu tools arm embedded/4.9 2015q1/bin/../lib/gcc/arm-none-eabi/4.9.3/../../../../arm-none-eabi/lib/armv7e-m\libc.a(lib_a-__atexit.o)
 .text          0x00000000        0x0 ..\obj\assembly.o
 .data          0x00000000        0x0 ..\obj\assembly.o
 .bss           0x00000000        0x0 ..\obj\assembly.o
 .text.testFunc
                0x00000000       0x20 ..\obj\assembly.o
 .debug_line    0x00000000       0x70 ..\obj\assembly.o
 .debug_info    0x00000000       0x93 ..\obj\assembly.o
 .debug_abbrev  0x00000000       0x14 ..\obj\assembly.o
 .debug_aranges
                0x00000000       0x20 ..\obj\assembly.o
 .ARM.attributes
                0x00000000       0x21 ..\obj\assembly.o
 .text          0x00000000       0x3c ..\obj\Mailbox.o
 .data          0x00000000        0x0 ..\obj\Mailbox.o
 .bss           0x00000000        0x0 ..\obj\Mailbox.o
 .debug_info    0x00000000      0x2b3 ..\obj\Mailbox.o
 .debug_abbrev  0x00000000       0xc6 ..\obj\Mailbox.o
 .debug_aranges
                0x00000000       0x20 ..\obj\Mailbox.o
 .debug_line    0x00000000      0x161 ..\obj\Mailbox.o
 .debug_str     0x00000000      0x247 ..\obj\Mailbox.o
 .comment       0x00000000       0x71 ..\obj\Mailbox.o
 .debug_frame   0x00000000       0x88 ..\obj\Mailbox.o
 .ARM.attributes
                0x00000000       0x33 ..\obj\Mailbox.o
 .bss           0x00000000        0x0 ..\obj\Task.o
 .data          0x00000000        0x0 ..\obj\stm32f4xx_hal_cortex.o
 .bss           0x00000000        0x0 ..\obj\stm32f4xx_hal_cortex.o
 .text          0x00000000        0x0 ..\obj\Semaphore.o
 .data          0x00000000        0x0 ..\obj\Semaphore.o
 .bss           0x00000000        0x0 ..\obj\Semaphore.o
 .debug_line    0x00000000        0x0 ..\obj\Semaphore.o
 .debug_str     0x00000000       0x9f ..\obj\Semaphore.o
 .comment       0x00000000       0x71 ..\obj\Semaphore.o
 .ARM.attributes
                0x00000000       0x33 ..\obj\Semaphore.o
 .bss           0x00000000        0x0 ..\obj\system_stm32f4xx.o
 .text          0x00000000       0x3c ..\obj\mutex.o
 .data          0x00000000        0x0 ..\obj\mutex.o
 .bss           0x00000000        0x0 ..\obj\mutex.o
 .debug_info    0x00000000      0x1f1 ..\obj\mutex.o
 .debug_abbrev  0x00000000       0xc6 ..\obj\mutex.o
 .debug_aranges
                0x00000000       0x20 ..\obj\mutex.o
 .debug_line    0x00000000      0x143 ..\obj\mutex.o
 .debug_str     0x00000000      0x1d3 ..\obj\mutex.o
 .comment       0x00000000       0x71 ..\obj\mutex.o
 .debug_frame   0x00000000       0x88 ..\obj\mutex.o
 .ARM.attributes
                0x00000000       0x33 ..\obj\mutex.o
 .data          0x00000000        0x0 ..\obj\stm32f4xx_hal.o
 .text          0x00000000        0x0 ..\obj\schedular.o
 .data          0x00000000        0x0 ..\obj\schedular.o
 .bss           0x00000000        0x0 ..\obj\schedular.o
 .text.schedular
                0x00000000       0x58 ..\obj\schedular.o
 .debug_line    0x00000000       0x7f ..\obj\schedular.o
 .debug_info    0x00000000       0x94 ..\obj\schedular.o
 .debug_abbrev  0x00000000       0x14 ..\obj\schedular.o
 .debug_aranges
                0x00000000       0x20 ..\obj\schedular.o
 .ARM.attributes
                0x00000000       0x21 ..\obj\schedular.o
 .data          0x00000000        0x0 ..\obj\stm32f4xx_it.o
 .bss           0x00000000        0x0 ..\obj\stm32f4xx_it.o
 .data          0x00000000        0x0 ..\obj\stm32f4xx_hal_gpio.o
 .bss           0x00000000        0x0 ..\obj\stm32f4xx_hal_gpio.o
 .data          0x00000000        0x0 ..\obj\stm32f4xx_hal_rcc.o
 .bss           0x00000000        0x0 ..\obj\stm32f4xx_hal_rcc.o
 .text          0x00000000       0x14 ..\obj\startup_stm32f429xx.o
 .data          0x00000000        0x0 ..\obj\startup_stm32f429xx.o
 .bss           0x00000000        0x0 ..\obj\startup_stm32f429xx.o
 .data          0x00000000        0x0 ..\obj\main.o
 .bss           0x00000000        0x0 ..\obj\main.o
 .text          0x00000000        0x0 c:/program files/gnu tools arm embedded/4.9 2015q1/bin/../lib/gcc/arm-none-eabi/4.9.3/armv7e-m/crtend.o
 .data          0x00000000        0x0 c:/program files/gnu tools arm embedded/4.9 2015q1/bin/../lib/gcc/arm-none-eabi/4.9.3/armv7e-m/crtend.o
 .bss           0x00000000        0x0 c:/program files/gnu tools arm embedded/4.9 2015q1/bin/../lib/gcc/arm-none-eabi/4.9.3/armv7e-m/crtend.o
 .eh_frame      0x00000000        0x4 c:/program files/gnu tools arm embedded/4.9 2015q1/bin/../lib/gcc/arm-none-eabi/4.9.3/armv7e-m/crtend.o
 .jcr           0x00000000        0x4 c:/program files/gnu tools arm embedded/4.9 2015q1/bin/../lib/gcc/arm-none-eabi/4.9.3/armv7e-m/crtend.o
 .ARM.attributes
                0x00000000       0x2e c:/program files/gnu tools arm embedded/4.9 2015q1/bin/../lib/gcc/arm-none-eabi/4.9.3/armv7e-m/crtend.o
 .text          0x00000000        0x0 c:/program files/gnu tools arm embedded/4.9 2015q1/bin/../lib/gcc/arm-none-eabi/4.9.3/armv7e-m/crtn.o
 .data          0x00000000        0x0 c:/program files/gnu tools arm embedded/4.9 2015q1/bin/../lib/gcc/arm-none-eabi/4.9.3/armv7e-m/crtn.o
 .bss           0x00000000        0x0 c:/program files/gnu tools arm embedded/4.9 2015q1/bin/../lib/gcc/arm-none-eabi/4.9.3/armv7e-m/crtn.o

Memory Configuration

Name             Origin             Length             Attributes
FLASH            0x08000000         0x00100000         xr
RAM              0x20000000         0x00020000         xrw
CCMRAM           0x10000000         0x00010000         rw
*default*        0x00000000         0xffffffff

Linker script and memory map

LOAD c:/program files/gnu tools arm embedded/4.9 2015q1/bin/../lib/gcc/arm-none-eabi/4.9.3/armv7e-m/crti.o
LOAD c:/program files/gnu tools arm embedded/4.9 2015q1/bin/../lib/gcc/arm-none-eabi/4.9.3/armv7e-m/crtbegin.o
LOAD c:/program files/gnu tools arm embedded/4.9 2015q1/bin/../lib/gcc/arm-none-eabi/4.9.3/../../../../arm-none-eabi/lib/armv7e-m/crt0.o
                0x2001ffff                _estack = 0x2001ffff
                0x00000200                _Min_Heap_Size = 0x200
                0x00000400                _Min_Stack_Size = 0x400

.isr_vector     0x08000000      0x1ac
                0x08000000                . = ALIGN (0x4)
 *(.isr_vector)
 .isr_vector    0x08000000      0x1ac ..\obj\startup_stm32f429xx.o
                0x08000000                g_pfnVectors
                0x080001ac                . = ALIGN (0x4)

.text           0x080001ac     0x2ce0
                0x080001ac                . = ALIGN (0x4)
 *(.text)
 .text          0x080001ac       0x5c c:/program files/gnu tools arm embedded/4.9 2015q1/bin/../lib/gcc/arm-none-eabi/4.9.3/armv7e-m/crtbegin.o
 .text          0x08000208      0xa3c ..\obj\LED.o
                0x08000208                initControl
                0x08000254                initLED1
                0x080002a0                initLED2
                0x080002ec                initLED3
                0x08000338                initLED4
                0x08000384                updateTime
                0x080003bc                getCurrentTime
                0x080003cc                delay
                0x08000400                blink_LED1
                0x080004dc                blink_LED2
                0x080005c8                blink_LED3
                0x080006d0                blink_LED1_yield
                0x080007bc                blink_LED2_yield
                0x080008b4                blink_LED3_yield
                0x080009c4                blink_4_LEDs
 .text          0x08000c44      0x140 ..\obj\Task.o
                0x08000c44                taskOne
                0x08000c8c                initTcb
 .text          0x08000d84      0x544 ..\obj\stm32f4xx_hal_cortex.o
                0x08001118                HAL_NVIC_SetPriorityGrouping
                0x0800112c                HAL_NVIC_SetPriority
                0x08001164                HAL_NVIC_EnableIRQ
                0x08001180                HAL_NVIC_DisableIRQ
                0x0800119c                HAL_NVIC_SystemReset
                0x080011a8                HAL_SYSTICK_Config
                0x080011c0                HAL_NVIC_GetPriorityGrouping
                0x080011d0                HAL_NVIC_GetPriority
                0x08001200                HAL_NVIC_SetPendingIRQ
                0x0800121c                HAL_NVIC_GetPendingIRQ
                0x0800123c                HAL_NVIC_ClearPendingIRQ
                0x08001258                HAL_NVIC_GetActive
                0x08001278                HAL_SYSTICK_CLKSourceConfig
                0x080012b0                HAL_SYSTICK_IRQHandler
                0x080012bc                HAL_SYSTICK_Callback
 .text          0x080012c8      0x154 ..\obj\system_stm32f4xx.o
                0x080012c8                SystemInit
                0x08001324                SystemCoreClockUpdate
 .text          0x0800141c      0x368 ..\obj\stm32f4xx_hal.o
                0x0800141c                HAL_Init
                0x08001454                HAL_DeInit
                0x080014ac                HAL_MspInit
                0x080014b8                HAL_MspDeInit
                0x080014c4                HAL_InitTick
                0x080014fc                HAL_IncTick
                0x08001518                HAL_GetTick
                0x08001530                HAL_Delay
                0x0800155c                HAL_SuspendTick
                0x08001578                HAL_ResumeTick
                0x08001594                HAL_GetHalVersion
                0x080015a8                HAL_GetREVID
                0x080015c0                HAL_GetDEVID
                0x080015dc                HAL_DBGMCU_EnableDBGSleepMode
                0x080015f8                HAL_DBGMCU_DisableDBGSleepMode
                0x08001614                HAL_DBGMCU_EnableDBGStopMode
                0x08001630                HAL_DBGMCU_DisableDBGStopMode
                0x0800164c                HAL_DBGMCU_EnableDBGStandbyMode
                0x08001668                HAL_DBGMCU_DisableDBGStandbyMode
                0x08001684                HAL_EnableCompensationCell
                0x080016c4                HAL_DisableCompensationCell
                0x08001704                HAL_EnableMemorySwappingBank
                0x08001744                HAL_DisableMemorySwappingBank
 .text          0x08001784       0x5c ..\obj\stm32f4xx_it.o
                0x08001784                NMI_Handler
                0x08001790                HardFault_Handler
                0x08001798                MemManage_Handler
                0x080017a0                BusFault_Handler
                0x080017a8                UsageFault_Handler
                0x080017b0                SVC_Handler
                0x080017bc                DebugMon_Handler
                0x080017c8                PendSV_Handler
                0x080017d4                SysTick_Handler
 .text          0x080017e0      0x674 ..\obj\stm32f4xx_hal_gpio.o
                0x080017e0                HAL_GPIO_Init
                0x08001b28                HAL_GPIO_DeInit
                0x08001d3c                HAL_GPIO_ReadPin
                0x08001d6c                HAL_GPIO_WritePin
                0x08001d9c                HAL_GPIO_TogglePin
                0x08001dc0                HAL_GPIO_LockPin
                0x08001e10                HAL_GPIO_EXTI_IRQHandler
                0x08001e40                HAL_GPIO_EXTI_Callback
 .text          0x08001e54      0xd74 ..\obj\stm32f4xx_hal_rcc.o
                0x08001e54                HAL_RCC_DeInit
                0x08001ecc                HAL_RCC_OscConfig
                0x08002384                HAL_RCC_ClockConfig
                0x080026a0                HAL_RCC_MCOConfig
                0x08002764                HAL_RCC_EnableCSS
                0x0800277c                HAL_RCC_DisableCSS
                0x08002794                HAL_RCC_GetSysClockFreq
                0x080028ac                HAL_RCC_GetHCLKFreq
                0x08002904                HAL_RCC_GetPCLK1Freq
                0x08002950                HAL_RCC_GetPCLK2Freq
                0x0800299c                HAL_RCC_GetOscConfig
                0x08002b38                HAL_RCC_GetClockConfig
                0x08002b98                HAL_RCC_NMI_IRQHandler
                0x08002bbc                HAL_RCC_CSSCallback
 .text          0x08002bc8      0x118 ..\obj\main.o
                0x08002c60                taskSwitch
                0x08002c7c                initSysTick
                0x08002ca4                main
 *(.text*)
 .text.__libc_init_array
                0x08002ce0       0x50 c:/program files/gnu tools arm embedded/4.9 2015q1/bin/../lib/gcc/arm-none-eabi/4.9.3/../../../../arm-none-eabi/lib/armv7e-m\libc.a(lib_a-init.o)
                0x08002ce0                __libc_init_array
 .text.startup.register_fini
                0x08002d30       0x14 c:/program files/gnu tools arm embedded/4.9 2015q1/bin/../lib/gcc/arm-none-eabi/4.9.3/../../../../arm-none-eabi/lib/armv7e-m\libc.a(lib_a-__call_atexit.o)
 .text.atexit   0x08002d44        0xc c:/program files/gnu tools arm embedded/4.9 2015q1/bin/../lib/gcc/arm-none-eabi/4.9.3/../../../../arm-none-eabi/lib/armv7e-m\libc.a(lib_a-atexit.o)
                0x08002d44                atexit
 .text.__libc_fini_array
                0x08002d50       0x2c c:/program files/gnu tools arm embedded/4.9 2015q1/bin/../lib/gcc/arm-none-eabi/4.9.3/../../../../arm-none-eabi/lib/armv7e-m\libc.a(lib_a-fini.o)
                0x08002d50                __libc_fini_array
 .text.__register_exitproc
                0x08002d7c       0xa4 c:/program files/gnu tools arm embedded/4.9 2015q1/bin/../lib/gcc/arm-none-eabi/4.9.3/../../../../arm-none-eabi/lib/armv7e-m\libc.a(lib_a-__atexit.o)
                0x08002d7c                __register_exitproc
 .text.Reset_Handler
                0x08002e20       0x50 ..\obj\startup_stm32f429xx.o
                0x08002e20                Reset_Handler
 .text.Default_Handler
                0x08002e70        0x2 ..\obj\startup_stm32f429xx.o
                0x08002e70                RTC_Alarm_IRQHandler
                0x08002e70                HASH_RNG_IRQHandler
                0x08002e70                EXTI2_IRQHandler
                0x08002e70                TIM8_CC_IRQHandler
                0x08002e70                UART8_IRQHandler
                0x08002e70                SPI4_IRQHandler
                0x08002e70                TIM1_CC_IRQHandler
                0x08002e70                DMA2_Stream5_IRQHandler
                0x08002e70                DMA1_Stream5_IRQHandler
                0x08002e70                PVD_IRQHandler
                0x08002e70                SDIO_IRQHandler
                0x08002e70                TAMP_STAMP_IRQHandler
                0x08002e70                CAN2_RX1_IRQHandler
                0x08002e70                EXTI3_IRQHandler
                0x08002e70                TIM8_TRG_COM_TIM14_IRQHandler
                0x08002e70                TIM1_UP_TIM10_IRQHandler
                0x08002e70                TIM8_UP_TIM13_IRQHandler
                0x08002e70                I2C3_ER_IRQHandler
                0x08002e70                EXTI0_IRQHandler
                0x08002e70                I2C2_EV_IRQHandler
                0x08002e70                DMA1_Stream2_IRQHandler
                0x08002e70                CAN1_RX0_IRQHandler
                0x08002e70                FPU_IRQHandler
                0x08002e70                OTG_HS_WKUP_IRQHandler
                0x08002e70                LTDC_ER_IRQHandler
                0x08002e70                CAN2_SCE_IRQHandler
                0x08002e70                DMA2_Stream2_IRQHandler
                0x08002e70                SPI1_IRQHandler
                0x08002e70                TIM6_DAC_IRQHandler
                0x08002e70                TIM1_BRK_TIM9_IRQHandler
                0x08002e70                DCMI_IRQHandler
                0x08002e70                CAN2_RX0_IRQHandler
                0x08002e70                DMA2_Stream3_IRQHandler
                0x08002e70                USART6_IRQHandler
                0x08002e70                USART3_IRQHandler
                0x08002e70                CAN1_RX1_IRQHandler
                0x08002e70                UART5_IRQHandler
                0x08002e70                DMA2_Stream0_IRQHandler
                0x08002e70                TIM4_IRQHandler
                0x08002e70                I2C1_EV_IRQHandler
                0x08002e70                DMA1_Stream6_IRQHandler
                0x08002e70                DMA1_Stream1_IRQHandler
                0x08002e70                UART4_IRQHandler
                0x08002e70                TIM3_IRQHandler
                0x08002e70                RCC_IRQHandler
                0x08002e70                TIM8_BRK_TIM12_IRQHandler
                0x08002e70                Default_Handler
                0x08002e70                EXTI15_10_IRQHandler
                0x08002e70                ADC_IRQHandler
                0x08002e70                DMA1_Stream7_IRQHandler
                0x08002e70                SPI5_IRQHandler
                0x08002e70                TIM7_IRQHandler
                0x08002e70                CAN2_TX_IRQHandler
                0x08002e70                TIM5_IRQHandler
                0x08002e70                DMA2_Stream7_IRQHandler
                0x08002e70                I2C3_EV_IRQHandler
                0x08002e70                EXTI9_5_IRQHandler
                0x08002e70                RTC_WKUP_IRQHandler
                0x08002e70                LTDC_IRQHandler
                0x08002e70                ETH_WKUP_IRQHandler
                0x08002e70                SPI2_IRQHandler
                0x08002e70                OTG_HS_EP1_IN_IRQHandler
                0x08002e70                DMA1_Stream0_IRQHandler
                0x08002e70                CAN1_TX_IRQHandler
                0x08002e70                EXTI4_IRQHandler
                0x08002e70                ETH_IRQHandler
                0x08002e70                OTG_HS_EP1_OUT_IRQHandler
                0x08002e70                WWDG_IRQHandler
                0x08002e70                SPI6_IRQHandler
                0x08002e70                TIM2_IRQHandler
                0x08002e70                OTG_FS_WKUP_IRQHandler
                0x08002e70                TIM1_TRG_COM_TIM11_IRQHandler
                0x08002e70                OTG_HS_IRQHandler
                0x08002e70                DMA2D_IRQHandler
                0x08002e70                EXTI1_IRQHandler
                0x08002e70                UART7_IRQHandler
                0x08002e70                USART2_IRQHandler
                0x08002e70                I2C2_ER_IRQHandler
                0x08002e70                DMA2_Stream1_IRQHandler
                0x08002e70                CAN1_SCE_IRQHandler
                0x08002e70                FLASH_IRQHandler
                0x08002e70                DMA2_Stream4_IRQHandler
                0x08002e70                USART1_IRQHandler
                0x08002e70                OTG_FS_IRQHandler
                0x08002e70                SPI3_IRQHandler
                0x08002e70                DMA1_Stream4_IRQHandler
                0x08002e70                I2C1_ER_IRQHandler
                0x08002e70                FMC_IRQHandler
                0x08002e70                DMA2_Stream6_IRQHandler
                0x08002e70                SAI1_IRQHandler
                0x08002e70                DMA1_Stream3_IRQHandler
 *(.glue_7)
 .glue_7        0x00000000        0x0 linker stubs
 *(.glue_7t)
 .glue_7t       0x00000000        0x0 linker stubs
 *(.eh_frame)
 *fill*         0x08002e72        0x2 
 .eh_frame      0x08002e74        0x0 c:/program files/gnu tools arm embedded/4.9 2015q1/bin/../lib/gcc/arm-none-eabi/4.9.3/armv7e-m/crtbegin.o
 *(.init)
 .init          0x08002e74        0x4 c:/program files/gnu tools arm embedded/4.9 2015q1/bin/../lib/gcc/arm-none-eabi/4.9.3/armv7e-m/crti.o
                0x08002e74                _init
 .init          0x08002e78        0x8 c:/program files/gnu tools arm embedded/4.9 2015q1/bin/../lib/gcc/arm-none-eabi/4.9.3/armv7e-m/crtn.o
 *(.fini)
 .fini          0x08002e80        0x4 c:/program files/gnu tools arm embedded/4.9 2015q1/bin/../lib/gcc/arm-none-eabi/4.9.3/armv7e-m/crti.o
                0x08002e80                _fini
 .fini          0x08002e84        0x8 c:/program files/gnu tools arm embedded/4.9 2015q1/bin/../lib/gcc/arm-none-eabi/4.9.3/armv7e-m/crtn.o
                0x08002e8c                . = ALIGN (0x4)
                0x08002e8c                _etext = .

.vfp11_veneer   0x08002e8c        0x0
 .vfp11_veneer  0x00000000        0x0 linker stubs

.v4_bx          0x08002e8c        0x0
 .v4_bx         0x00000000        0x0 linker stubs

.iplt           0x08002e8c        0x0
 .iplt          0x00000000        0x0 c:/program files/gnu tools arm embedded/4.9 2015q1/bin/../lib/gcc/arm-none-eabi/4.9.3/armv7e-m/crtbegin.o

.rodata         0x08002e8c       0x30
                0x08002e8c                . = ALIGN (0x4)
 *(.rodata)
 .rodata        0x08002e8c       0x18 ..\obj\Task.o
 .rodata        0x08002ea4       0x10 ..\obj\stm32f4xx_hal_rcc.o
                0x08002ea4                APBAHBPrescTable
 *(.rodata*)
 .rodata.str1.4
                0x08002eb4        0x4 c:/program files/gnu tools arm embedded/4.9 2015q1/bin/../lib/gcc/arm-none-eabi/4.9.3/../../../../arm-none-eabi/lib/armv7e-m\libc.a(lib_a-impure.o)
 .rodata._global_impure_ptr
                0x08002eb8        0x4 c:/program files/gnu tools arm embedded/4.9 2015q1/bin/../lib/gcc/arm-none-eabi/4.9.3/../../../../arm-none-eabi/lib/armv7e-m\libc.a(lib_a-impure.o)
                0x08002eb8                _global_impure_ptr
                0x08002ebc                . = ALIGN (0x4)

.rel.dyn        0x08002ebc        0x0
 .rel.iplt      0x00000000        0x0 c:/program files/gnu tools arm embedded/4.9 2015q1/bin/../lib/gcc/arm-none-eabi/4.9.3/armv7e-m/crtbegin.o

.ARM.extab
 *(.ARM.extab* .gnu.linkonce.armextab.*)

.ARM            0x08002ebc        0x0
                0x08002ebc                __exidx_start = .
 *(.ARM.exidx*)
                0x08002ebc                __exidx_end = .

.preinit_array  0x08002ebc        0x0
                0x08002ebc                PROVIDE (__preinit_array_start, .)
 *(.preinit_array*)
                0x08002ebc                PROVIDE (__preinit_array_end, .)

.init_array     0x08002ebc        0x8
                0x08002ebc                PROVIDE (__init_array_start, .)
 *(SORT(.init_array.*))
 .init_array.00000
                0x08002ebc        0x4 c:/program files/gnu tools arm embedded/4.9 2015q1/bin/../lib/gcc/arm-none-eabi/4.9.3/../../../../arm-none-eabi/lib/armv7e-m\libc.a(lib_a-__call_atexit.o)
 *(.init_array*)
 .init_array    0x08002ec0        0x4 c:/program files/gnu tools arm embedded/4.9 2015q1/bin/../lib/gcc/arm-none-eabi/4.9.3/armv7e-m/crtbegin.o
                0x08002ec4                PROVIDE (__init_array_end, .)

.fini_array     0x08002ec4        0x4
                0x08002ec4                PROVIDE (__fini_array_start, .)
 *(SORT(.fini_array.*))
 *(.fini_array*)
 .fini_array    0x08002ec4        0x4 c:/program files/gnu tools arm embedded/4.9 2015q1/bin/../lib/gcc/arm-none-eabi/4.9.3/armv7e-m/crtbegin.o
                0x08002ec8                PROVIDE (__fini_array_end, .)
                0x08002ec8                _sidata = LOADADDR (.data)

.data           0x20000000      0x448 load address 0x08002ec8
                0x20000000                . = ALIGN (0x4)
                0x20000000                _sdata = .
 *(.data)
 .data          0x20000000        0x8 ..\obj\LED.o
                0x20000000                FAST_BLINK
 .data          0x20000008        0x4 ..\obj\Task.o
                0x20000008                cc
 .data          0x2000000c       0x14 ..\obj\system_stm32f4xx.o
                0x2000000c                SystemCoreClock
                0x20000010                AHBPrescTable
 *(.data*)
 .data.impure_data
                0x20000020      0x428 c:/program files/gnu tools arm embedded/4.9 2015q1/bin/../lib/gcc/arm-none-eabi/4.9.3/../../../../arm-none-eabi/lib/armv7e-m\libc.a(lib_a-impure.o)
                0x20000448                . = ALIGN (0x4)
                0x20000448                _edata = .
                0x08003310                _siccmram = LOADADDR (.ccmram)

.jcr            0x20000448        0x0 load address 0x08003310
 .jcr           0x20000448        0x0 c:/program files/gnu tools arm embedded/4.9 2015q1/bin/../lib/gcc/arm-none-eabi/4.9.3/armv7e-m/crtbegin.o

.igot.plt       0x20000448        0x0 load address 0x08003310
 .igot.plt      0x00000000        0x0 c:/program files/gnu tools arm embedded/4.9 2015q1/bin/../lib/gcc/arm-none-eabi/4.9.3/armv7e-m/crtbegin.o

.ccmram         0x10000000        0x0 load address 0x08003310
                0x10000000                . = ALIGN (0x4)
                0x10000000                _sccmram = .
 *(.ccmram)
 *(.ccmram*)
                0x10000000                . = ALIGN (0x4)
                0x10000000                _eccmram = .
                0x10000000                . = ALIGN (0x4)

.bss            0x20000448      0x8d4
                0x20000448                _sbss = .
                0x20000448                __bss_start__ = _sbss
 *(.bss)
 .bss           0x20000448       0x1c c:/program files/gnu tools arm embedded/4.9 2015q1/bin/../lib/gcc/arm-none-eabi/4.9.3/armv7e-m/crtbegin.o
 .bss           0x20000464       0x3c ..\obj\LED.o
                0x20000464                currentTime
 .bss           0x200004a0        0x4 ..\obj\stm32f4xx_hal.o
 *(.bss*)
 *(COMMON)
 COMMON         0x200004a4      0x878 ..\obj\Task.o
                0x200004a4                Context
                0x200004e4                blockQueue
                0x200004e8                runningQueue
                0x200004ec                taskTwoTcb
                0x200004f8                readyQueue
                0x200004fc                taskOneTcb
                0x20000508                taskTwoStack
                0x2000090c                mainTcb
                0x20000918                taskOneStack
                0x20000d1c                . = ALIGN (0x4)
                0x20000d1c                _ebss = .
                0x20000d1c                __bss_end__ = _ebss

._user_heap_stack
                0x20000d1c      0x600
                0x20000d1c                . = ALIGN (0x4)
                0x20000d1c                PROVIDE (end, .)
                0x20000d1c                PROVIDE (_end, .)
                0x20000f1c                . = (. + _Min_Heap_Size)
 *fill*         0x20000d1c      0x200 
                0x2000131c                . = (. + _Min_Stack_Size)
 *fill*         0x20000f1c      0x400 
                0x2000131c                . = ALIGN (0x4)

/DISCARD/
 libc.a(*)
 libm.a(*)
 libgcc.a(*)

.ARM.attributes
                0x00000000       0x2a
 *(.ARM.attributes)
 .ARM.attributes
                0x00000000       0x1e c:/program files/gnu tools arm embedded/4.9 2015q1/bin/../lib/gcc/arm-none-eabi/4.9.3/armv7e-m/crti.o
 .ARM.attributes
                0x0000001e       0x2e c:/program files/gnu tools arm embedded/4.9 2015q1/bin/../lib/gcc/arm-none-eabi/4.9.3/armv7e-m/crtbegin.o
 .ARM.attributes
                0x0000004c       0x33 ..\obj\LED.o
 .ARM.attributes
                0x0000007f       0x33 ..\obj\Task.o
 .ARM.attributes
                0x000000b2       0x33 ..\obj\stm32f4xx_hal_cortex.o
 .ARM.attributes
                0x000000e5       0x33 ..\obj\system_stm32f4xx.o
 .ARM.attributes
                0x00000118       0x33 ..\obj\stm32f4xx_hal.o
 .ARM.attributes
                0x0000014b       0x33 ..\obj\stm32f4xx_it.o
 .ARM.attributes
                0x0000017e       0x33 ..\obj\stm32f4xx_hal_gpio.o
 .ARM.attributes
                0x000001b1       0x33 ..\obj\stm32f4xx_hal_rcc.o
 .ARM.attributes
                0x000001e4       0x21 ..\obj\startup_stm32f429xx.o
 .ARM.attributes
                0x00000205       0x33 ..\obj\main.o
 .ARM.attributes
                0x00000238       0x1e c:/program files/gnu tools arm embedded/4.9 2015q1/bin/../lib/gcc/arm-none-eabi/4.9.3/armv7e-m/crtn.o
LOAD ..\obj\LED.o
LOAD ..\obj\assembly.o
LOAD ..\obj\Mailbox.o
LOAD ..\obj\Task.o
LOAD ..\obj\stm32f4xx_hal_cortex.o
LOAD ..\obj\Semaphore.o
LOAD ..\obj\system_stm32f4xx.o
LOAD ..\obj\mutex.o
LOAD ..\obj\stm32f4xx_hal.o
LOAD ..\obj\schedular.o
LOAD ..\obj\stm32f4xx_it.o
LOAD ..\obj\stm32f4xx_hal_gpio.o
LOAD ..\obj\stm32f4xx_hal_rcc.o
LOAD ..\obj\startup_stm32f429xx.o
LOAD ..\obj\main.o
LOAD c:/program files/gnu tools arm embedded/4.9 2015q1/bin/../lib/gcc/arm-none-eabi/4.9.3/../../../../arm-none-eabi/lib/armv7e-m\libm.a
LOAD c:/program files/gnu tools arm embedded/4.9 2015q1/bin/../lib/gcc/arm-none-eabi/4.9.3/armv7e-m\libgcc.a
LOAD c:/program files/gnu tools arm embedded/4.9 2015q1/bin/../lib/gcc/arm-none-eabi/4.9.3/../../../../arm-none-eabi/lib/armv7e-m\libc.a
START GROUP
LOAD c:/program files/gnu tools arm embedded/4.9 2015q1/bin/../lib/gcc/arm-none-eabi/4.9.3/armv7e-m\libgcc.a
LOAD c:/program files/gnu tools arm embedded/4.9 2015q1/bin/../lib/gcc/arm-none-eabi/4.9.3/../../../../arm-none-eabi/lib/armv7e-m\libg.a
LOAD c:/program files/gnu tools arm embedded/4.9 2015q1/bin/../lib/gcc/arm-none-eabi/4.9.3/../../../../arm-none-eabi/lib/armv7e-m\libc.a
END GROUP
LOAD c:/program files/gnu tools arm embedded/4.9 2015q1/bin/../lib/gcc/arm-none-eabi/4.9.3/armv7e-m/crtend.o
LOAD c:/program files/gnu tools arm embedded/4.9 2015q1/bin/../lib/gcc/arm-none-eabi/4.9.3/armv7e-m/crtn.o
OUTPUT(Test1.elf elf32-littlearm)

.debug_info     0x00000000     0x437a
 .debug_info    0x00000000      0x765 ..\obj\LED.o
 .debug_info    0x00000765      0x300 ..\obj\Task.o
 .debug_info    0x00000a65      0xbac ..\obj\stm32f4xx_hal_cortex.o
 .debug_info    0x00001611      0x4b4 ..\obj\system_stm32f4xx.o
 .debug_info    0x00001ac5      0xa1c ..\obj\stm32f4xx_hal.o
 .debug_info    0x000024e1      0x13a ..\obj\stm32f4xx_it.o
 .debug_info    0x0000261b      0x712 ..\obj\stm32f4xx_hal_gpio.o
 .debug_info    0x00002d2d      0xe27 ..\obj\stm32f4xx_hal_rcc.o
 .debug_info    0x00003b54       0x9a ..\obj\startup_stm32f429xx.o
 .debug_info    0x00003bee      0x78c ..\obj\main.o

.debug_abbrev   0x00000000      0xeaa
 .debug_abbrev  0x00000000      0x1b9 ..\obj\LED.o
 .debug_abbrev  0x000001b9      0x101 ..\obj\Task.o
 .debug_abbrev  0x000002ba      0x299 ..\obj\stm32f4xx_hal_cortex.o
 .debug_abbrev  0x00000553       0xff ..\obj\system_stm32f4xx.o
 .debug_abbrev  0x00000652      0x1ff ..\obj\stm32f4xx_hal.o
 .debug_abbrev  0x00000851       0x7f ..\obj\stm32f4xx_it.o
 .debug_abbrev  0x000008d0      0x1aa ..\obj\stm32f4xx_hal_gpio.o
 .debug_abbrev  0x00000a7a      0x25a ..\obj\stm32f4xx_hal_rcc.o
 .debug_abbrev  0x00000cd4       0x12 ..\obj\startup_stm32f429xx.o
 .debug_abbrev  0x00000ce6      0x1c4 ..\obj\main.o

.debug_aranges  0x00000000      0x148
 .debug_aranges
                0x00000000       0x20 ..\obj\LED.o
 .debug_aranges
                0x00000020       0x20 ..\obj\Task.o
 .debug_aranges
                0x00000040       0x20 ..\obj\stm32f4xx_hal_cortex.o
 .debug_aranges
                0x00000060       0x20 ..\obj\system_stm32f4xx.o
 .debug_aranges
                0x00000080       0x20 ..\obj\stm32f4xx_hal.o
 .debug_aranges
                0x000000a0       0x20 ..\obj\stm32f4xx_it.o
 .debug_aranges
                0x000000c0       0x20 ..\obj\stm32f4xx_hal_gpio.o
 .debug_aranges
                0x000000e0       0x20 ..\obj\stm32f4xx_hal_rcc.o
 .debug_aranges
                0x00000100       0x28 ..\obj\startup_stm32f429xx.o
 .debug_aranges
                0x00000128       0x20 ..\obj\main.o

.debug_line     0x00000000     0x18b3
 .debug_line    0x00000000      0x2e9 ..\obj\LED.o
 .debug_line    0x000002e9      0x162 ..\obj\Task.o
 .debug_line    0x0000044b      0x31a ..\obj\stm32f4xx_hal_cortex.o
 .debug_line    0x00000765      0x167 ..\obj\system_stm32f4xx.o
 .debug_line    0x000008cc      0x319 ..\obj\stm32f4xx_hal.o
 .debug_line    0x00000be5      0x15b ..\obj\stm32f4xx_it.o
 .debug_line    0x00000d40      0x3c9 ..\obj\stm32f4xx_hal_gpio.o
 .debug_line    0x00001109      0x575 ..\obj\stm32f4xx_hal_rcc.o
 .debug_line    0x0000167e       0x9e ..\obj\startup_stm32f429xx.o
 .debug_line    0x0000171c      0x197 ..\obj\main.o

.debug_str      0x00000000     0x166f
 .debug_str     0x00000000      0x414 ..\obj\LED.o
                                0x477 (size before relaxing)
 .debug_str     0x00000414       0xc3 ..\obj\Task.o
                                0x214 (size before relaxing)
 .debug_str     0x000004d7      0x88b ..\obj\stm32f4xx_hal_cortex.o
                                0xb35 (size before relaxing)
 .debug_str     0x00000d62       0x89 ..\obj\system_stm32f4xx.o
                                0x335 (size before relaxing)
 .debug_str     0x00000deb      0x2f5 ..\obj\stm32f4xx_hal.o
                                0xafa (size before relaxing)
 .debug_str     0x000010e0       0xc9 ..\obj\stm32f4xx_it.o
                                0x219 (size before relaxing)
 .debug_str     0x000011a9      0x186 ..\obj\stm32f4xx_hal_gpio.o
                                0x4f9 (size before relaxing)
 .debug_str     0x0000132f      0x2f3 ..\obj\stm32f4xx_hal_rcc.o
                                0x6b3 (size before relaxing)
 .debug_str     0x00001622       0x4d ..\obj\main.o
                                0x874 (size before relaxing)

.comment        0x00000000       0x70
 .comment       0x00000000       0x70 ..\obj\LED.o
                                 0x71 (size before relaxing)
 .comment       0x00000000       0x71 ..\obj\Task.o
 .comment       0x00000000       0x71 ..\obj\stm32f4xx_hal_cortex.o
 .comment       0x00000000       0x71 ..\obj\system_stm32f4xx.o
 .comment       0x00000000       0x71 ..\obj\stm32f4xx_hal.o
 .comment       0x00000000       0x71 ..\obj\stm32f4xx_it.o
 .comment       0x00000000       0x71 ..\obj\stm32f4xx_hal_gpio.o
 .comment       0x00000000       0x71 ..\obj\stm32f4xx_hal_rcc.o
 .comment       0x00000000       0x71 ..\obj\main.o

.debug_frame    0x00000000      0xf08
 .debug_frame   0x00000000      0x20c ..\obj\LED.o
 .debug_frame   0x0000020c       0x50 ..\obj\Task.o
 .debug_frame   0x0000025c      0x428 ..\obj\stm32f4xx_hal_cortex.o
 .debug_frame   0x00000684       0x58 ..\obj\system_stm32f4xx.o
 .debug_frame   0x000006dc      0x310 ..\obj\stm32f4xx_hal.o
 .debug_frame   0x000009ec      0x10c ..\obj\stm32f4xx_it.o
 .debug_frame   0x00000af8      0x14c ..\obj\stm32f4xx_hal_gpio.o
 .debug_frame   0x00000c44      0x204 ..\obj\stm32f4xx_hal_rcc.o
 .debug_frame   0x00000e48       0xc0 ..\obj\main.o

.debug_ranges   0x00000000       0x20
 .debug_ranges  0x00000000       0x20 ..\obj\startup_stm32f429xx.o
